12:27:12 sweep7 start: baseline fix + gain split + ceiling | PHASES=B0
12:29:02 B0 up (pid 111519)
12:32:20 B0 phase done
12:32:20 ALL_DONE
12:34:08 sweep7 start: baseline fix + gain split + ceiling | PHASES=B1
12:36:58 B1 up (pid 114382)
12:39:32 B1 phase done
12:39:32 ALL_DONE
12:50:07 sweep7 start: baseline fix + gain split + ceiling | PHASES=B1b
12:52:57 B1b up (pid 119750)
12:54:56 B1b phase done
12:54:56 ALL_DONE
13:11:09 sweep7 start: baseline fix + gain split + ceiling | PHASES=R2c R2b B1c
13:12:59 B1c up (pid 122654)
13:14:06 B1c phase done
13:18:16 R2c pair up (125004/125005)
13:20:31 R2c phase done
13:23:11 R2b pair up (129829/129830)
13:28:44 R2b phase done
13:28:44 ALL_DONE
14:36:35 sweep7 start: baseline fix + gain split + ceiling | PHASES=B0p
14:38:25 B0p up (pid 134432)
14:41:43 B0p phase done
14:41:43 ALL_DONE
14:43:33 sweep7 start: baseline fix + gain split + ceiling | PHASES=R2b48 R2c0 B0pp
14:45:23 R2b48 pair up (137421/137422)
14:46:37 R2b48 phase done
14:48:28 R2c0 pair up (140505/140506)
14:49:35 R2c0 phase done
14:51:25 B0pp up (pid 143481)
14:52:50 B0pp phase done
14:52:50 ALL_DONE
15:00:25 sweep7 start: baseline fix + gain split + ceiling | PHASES=R2c0b R2cH B0ppp
15:02:16 R2c0b pair up (145969/145970)
15:03:23 R2c0b phase done
15:05:13 R2cH pair up (149015/149016)
15:09:17 R2cH phase done
15:11:07 B0ppp up (pid 152815)
15:12:33 B0ppp phase done
15:12:33 ALL_DONE
15:13:34 sweep7 start: baseline fix + gain split + ceiling | PHASES=R2cAB
15:15:14 R2cAB pair up (155441/155442)
15:15:14 SEED COLLISION (same phase): R2cAB70_c48t_p2 seed=702 already used by R2cAB70_c48t_p1
15:16:02 SEED COLLISION (same phase): R2cAB00_c48t_p2 seed=0 already used by R2cAB00_c48t_p1
15:17:09 R2cAB phase done
15:17:09 ALL_DONE
15:49:28 sweep7 start: baseline fix + gain split + ceiling | PHASES=R2b48z SB
15:51:19 SB2048 up (pid 159364)
15:52:29 SB2048 phase done
15:54:19 SB8192 up (pid 161901)
15:55:26 SB8192 phase done
15:57:17 R2b48z pair up (164262/164263)
15:58:31 R2b48z phase done
15:58:31 ALL_DONE
16:08:44 sweep7 start: baseline fix + gain split + ceiling | PHASES=R2cABr R2bZ R2cZ FV
16:08:44 WAIT_GPU 1: 1:17014MiB (poll 1)
